----------------------------------------------
-xxxxxxxxxxxxxxxxxxxxxxx----------------------
-x---------------------x----------------------
-x-zzzzzzzzzzzzzzzzzzz-x----------------------
-x-z-----------------z-x----------------------
-x-z-------ooooooooooooooooooooooo------------
-x-z-------o----------o----------o------------
-x-z-------o----------o----------o------------
-x-z-------o----------o----------o------------
-x-z-------o----------o----------o------------
-x-z-------p----------p----------p------------
-x-z-------p----------p----------p-------x-z--
-----------p----------p----------p-------x-z--
-----------o----------o----------o-------x-z--
-----------o----------o----------o-------x-z--
-----------o----------o----------o-------x-z--
-----------o----------o----------o-------x-z--
-----------ooooooooooooooooooooooo-------x-z--
---------------------z-x-----------------x-z--
---------------------z-xxxxxxxxxxxxxxxxxxx-z--
---------------------z---------------------z--
---------------------zzzzzzzzzzzzzzzzzzzzzzz--
----------------------------------------------
----------------------------------------------